To honour the JVM settings for this build a single-use Daemon process will be forked. For more on this, please refer to https://docs.gradle.org/8.7/userguide/gradle_daemon.html#sec:disabling_the_daemon in the Gradle documentation.
Daemon will be stopped at the end of the build 

> Configure project :app
e: file:///C:/Users/rober/OneDrive/Documents/SelfProject/LearningApp/app/build.gradle.kts:7:28: Unresolved reference: util

FAILURE: Build failed with an exception.

* Where:
Build file 'C:\Users\rober\OneDrive\Documents\SelfProject\LearningApp\app\build.gradle.kts' line: 7

* What went wrong:
Script compilation error:

  Line 7: val localProperties = java.util.Properties()
                                     ^ Unresolved reference: util

1 error

* Try:
> Run with --stacktrace option to get the stack trace.
> Run with --info or --debug option to get more log output.
> Run with --scan to get full insights.
> Get more help at https://help.gradle.org.

BUILD FAILED in 4m 22s
